14:42:04 **** Incremental Build of configuration Debug for project blackpill_f411 ****
make -j4 all 
arm-none-eabi-gcc "../esp01/esp01.c" -mcpu=cortex-m4 -std=gnu11 -g3 -DDEBUG -DUSE_HAL_DRIVER -DSTM32F411xE -DUSBD_MAX_POWER=0xFA -c -I../Core/Inc -I../Drivers/STM32F4xx_HAL_Driver/Inc -I../Drivers/STM32F4xx_HAL_Driver/Inc/Legacy -I../Drivers/CMSIS/Device/ST/STM32F4xx/Include -I../Drivers/CMSIS/Include -I"/home/lth/src/stm32-esp01s/examples/blackpill_f411/esp01" -I../USB_DEVICE/App -I../USB_DEVICE/Target -I../Middlewares/ST/STM32_USB_Device_Library/Core/Inc -I../Middlewares/ST/STM32_USB_Device_Library/Class/CDC/Inc -Og -ffunction-sections -fdata-sections -Wall -fstack-usage -fcyclomatic-complexity -MMD -MP -MF"esp01/esp01.d" -MT"esp01/esp01.o" --specs=nano.specs -mfpu=fpv4-sp-d16 -mfloat-abi=hard -mthumb -o "esp01/esp01.o"
arm-none-eabi-gcc "../Core/Src/main.c" -mcpu=cortex-m4 -std=gnu11 -g3 -DDEBUG -DUSE_HAL_DRIVER -DSTM32F411xE -DUSBD_MAX_POWER=0xFA -c -I../Core/Inc -I../Drivers/STM32F4xx_HAL_Driver/Inc -I../Drivers/STM32F4xx_HAL_Driver/Inc/Legacy -I../Drivers/CMSIS/Device/ST/STM32F4xx/Include -I../Drivers/CMSIS/Include -I"/home/lth/src/stm32-esp01s/examples/blackpill_f411/esp01" -I../USB_DEVICE/App -I../USB_DEVICE/Target -I../Middlewares/ST/STM32_USB_Device_Library/Core/Inc -I../Middlewares/ST/STM32_USB_Device_Library/Class/CDC/Inc -Og -ffunction-sections -fdata-sections -Wall -fstack-usage -fcyclomatic-complexity -MMD -MP -MF"Core/Src/main.d" -MT"Core/Src/main.o" --specs=nano.specs -mfpu=fpv4-sp-d16 -mfloat-abi=hard -mthumb -o "Core/Src/main.o"
arm-none-eabi-gcc -o "blackpill_f411.elf" @"objects.list"   -mcpu=cortex-m4 -T"/home/lth/src/stm32-esp01s/examples/blackpill_f411/STM32F411CEUX_FLASH.ld" --specs=nosys.specs -Wl,-Map="blackpill_f411.map" -Wl,--gc-sections -static --specs=nano.specs -mfpu=fpv4-sp-d16 -mfloat-abi=hard -mthumb -Wl,--start-group -lc -lm -Wl,--end-group
Finished building target: blackpill_f411.elf
 
arm-none-eabi-size  blackpill_f411.elf 
arm-none-eabi-objdump -h -S blackpill_f411.elf  > "blackpill_f411.list"
   text	   data	    bss	    dec	    hex	filename
  24864	    340	   9676	  34880	   8840	blackpill_f411.elf
Finished building: default.size.stdout
 
Finished building: blackpill_f411.list
 

14:42:04 Build Finished. 0 errors, 0 warnings. (took 450ms)

